[www.blitzit.app/index.html]
[r.wdfl.co/rw.js]
[connect.facebook.net/en_US/fbevents.js]
[backblue.gif]
[fade.gif]
[index.html]
[framerusercontent.com/images/hVlm992U00ugOFzHzwxoTbetfM.png]
[framerusercontent.com/sites/3IMKteN1GQ0roUwlfGKmcj/chunk-PBDTBQES.mjs]
[framerusercontent.com/sites/3IMKteN1GQ0roUwlfGKmcj/chunk-ENK4YSX5.mjs]
[framerusercontent.com/sites/3IMKteN1GQ0roUwlfGKmcj/l-hD-KrzzvklJt7yLHQYV0UG0WB2m-PiIlYaaFTFobY.QQ32QJUR.mjs]
[framerusercontent.com/sites/3IMKteN1GQ0roUwlfGKmcj/chunk-5EHPG3GG.mjs]
[framerusercontent.com/sites/3IMKteN1GQ0roUwlfGKmcj/chunk-IRQ2S6SG.mjs]
[framerusercontent.com/sites/3IMKteN1GQ0roUwlfGKmcj/chunk-WJJFM56X.mjs]
[framerusercontent.com/sites/3IMKteN1GQ0roUwlfGKmcj/chunk-3B4X5CZ3.mjs]
[framerusercontent.com/sites/3IMKteN1GQ0roUwlfGKmcj/chunk-ZZ5YZNG7.mjs]
[framerusercontent.com/sites/3IMKteN1GQ0roUwlfGKmcj/chunk-2ELOA5OQ.mjs]
[framerusercontent.com/sites/3IMKteN1GQ0roUwlfGKmcj/chunk-XP34H2JF.mjs]
[framerusercontent.com/sites/3IMKteN1GQ0roUwlfGKmcj/chunk-2JPSZPPY.mjs]
[framerusercontent.com/sites/3IMKteN1GQ0roUwlfGKmcj/chunk-C5LCHGBL.mjs]
[framerusercontent.com/sites/3IMKteN1GQ0roUwlfGKmcj/chunk-OIE5PZK3.mjs]
[framerusercontent.com/sites/3IMKteN1GQ0roUwlfGKmcj/chunk-LOKWCPDX.mjs]
[framerusercontent.com/sites/3IMKteN1GQ0roUwlfGKmcj/chunk-EVAMH3AX.mjs]
[framerusercontent.com/sites/3IMKteN1GQ0roUwlfGKmcj/chunk-GYKVJC7H.mjs]
[framerusercontent.com/sites/3IMKteN1GQ0roUwlfGKmcj/chunk-XHEVGAWF.mjs]
[framerusercontent.com/sites/3IMKteN1GQ0roUwlfGKmcj/chunk-32AJPJT2.mjs]
[framerusercontent.com/sites/3IMKteN1GQ0roUwlfGKmcj/chunk-2ABLVPXD.mjs]
[framerusercontent.com/sites/3IMKteN1GQ0roUwlfGKmcj/chunk-CKIE3WM4.mjs]
[framerusercontent.com/sites/3IMKteN1GQ0roUwlfGKmcj/chunk-O3EMSAYH.mjs]
[framerusercontent.com/sites/3IMKteN1GQ0roUwlfGKmcj/chunk-ZZXR7HSS.mjs]
[framerusercontent.com/sites/3IMKteN1GQ0roUwlfGKmcj/chunk-2GNAUHKR.mjs]
[framerusercontent.com/sites/3IMKteN1GQ0roUwlfGKmcj/chunk-2HTEB2GM.mjs]
[framerusercontent.com/sites/3IMKteN1GQ0roUwlfGKmcj/chunk-QLHIDQGL.mjs]
[fonts.gstatic.com/s/fragmentmono/v4/4iCr6K5wfMRRjxp0DA6-2CLnB45HhrUI.woff2]
[events.framer.com/script]
[framerusercontent.com/images/LSuDF1nElvH56n9eKRlJ25scbIo.png]
[www.blitzit.app/help-center/home.html]
